// Jest Snapshot v1, https://goo.gl/fbAQLP

exports[`<Track /> matches the snapshot 1`] = `
<DocumentFragment>
  <img
    alt="Album art from On and On"
    class="track-img"
    src="https://www.google.com/url?sa=i&url=https%3A%2F%2Fen.wikipedia.org%2Fwiki%2FDecide_%2528album%2529&psig=AOvVaw3UFpAxfXEeNFlBL1mGOdPH&ust=1736004933558000&source=images&cd=vfe&opi=89978449&ved=0CBQQjRxqFwoTCICInL7w2YoDFQAAAAAdAAAAABAE"
  />
  <div
    class="track-info"
  >
    <p
      class="track-name"
    >
      On and On
    </p>
    <p
      class="album-name"
    >
      Go for it
    </p>
    <p
      class="artist-name"
    >
      Djo
    </p>
  </div>
</DocumentFragment>
`;
